// Jest Snapshot v1, https://goo.gl/fbAQLP

exports[`REDUCER: AUTH should set logged in to true when signup is successful 1`] = `
Object {
  "fcmTokenRegistered": false,
  "isLoggedIn": true,
}
`;
