// Jest Snapshot v1, https://goo.gl/fbAQLP

exports[`COMPONENTS: ButtonWithSpinner renders correctly 1`] = `
<View
  style={
    Object {
      "flex": 1,
      "paddingVertical": 10,
    }
  }
>
  <View
    accessibilityComponentType={undefined}
    accessibilityLabel={undefined}
    accessibilityTraits={undefined}
    accessible={true}
    collapsable={undefined}
    hitSlop={undefined}
    isTVSelectable={true}
    nativeID={undefined}
    onLayout={undefined}
    onResponderGrant={[Function]}
    onResponderMove={[Function]}
    onResponderRelease={[Function]}
    onResponderTerminate={[Function]}
    onResponderTerminationRequest={[Function]}
    onStartShouldSetResponder={[Function]}
    style={
      Object {
        "alignItems": "center",
        "backgroundColor": "#7f8c8d",
        "flex": 0.8,
        "justifyContent": "center",
        "opacity": 1,
      }
    }
    testID={undefined}
    tvParallaxProperties={undefined}
  >
    <Text
      accessible={true}
      allowFontScaling={true}
      disabled={false}
      ellipsizeMode="tail"
      style={
        Object {
          "color": "#ecf0f1",
          "fontFamily": "Lato-Light",
          "fontSize": 20,
          "marginVertical": 5,
        }
      }
    >
      TestButtonText
    </Text>
  </View>
</View>
`;
