// Jest Snapshot v1, https://goo.gl/fbAQLP

exports[`VIEWS: NewAccount should render correctly 1`] = `null`;
