// Jest Snapshot v1, https://goo.gl/fbAQLP

exports[`EmptyProjectsScreen View should render correctly 1`] = `
<View>
  <Text
    accessible={true}
    allowFontScaling={true}
    disabled={false}
    ellipsizeMode="tail"
  >
     HomePage 
  </Text>
</View>
`;
